exports[`Storyshots Pagination First selected page 1`] = `
<ul
  className="ais-Pagination__root ais-Pagination__noRefinement">
  <li
    className="ais-Pagination__item ais-Pagination__itemDisabled ais-Pagination__itemFirst"
    disabled={true}>
    <span
      className="ais-Pagination__itemLink ais-Pagination__itemLinkDisabled">
       « 
    </span>
  </li>
  <li
    className="ais-Pagination__item ais-Pagination__itemDisabled ais-Pagination__itemPrevious"
    disabled={true}>
    <span
      className="ais-Pagination__itemLink ais-Pagination__itemLinkDisabled">
       ‹ 
    </span>
  </li>
  <li
    className="ais-Pagination__item ais-Pagination__itemSelected ais-Pagination__itemPage"
    disabled={undefined}>
    <a
      aria-label={undefined}
      className="ais-Pagination__itemLink"
      href="#"
      onClick={[Function]}>
      1
    </a>
  </li>
  <li
    className="ais-Pagination__item ais-Pagination__itemPage"
    disabled={undefined}>
    <a
      aria-label={undefined}
      className="ais-Pagination__itemLink"
      href="#"
      onClick={[Function]}>
      2
    </a>
  </li>
  <li
    className="ais-Pagination__item ais-Pagination__itemPage"
    disabled={undefined}>
    <a
      aria-label={undefined}
      className="ais-Pagination__itemLink"
      href="#"
      onClick={[Function]}>
      3
    </a>
  </li>
  <li
    className="ais-Pagination__item ais-Pagination__itemPage"
    disabled={undefined}>
    <a
      aria-label={undefined}
      className="ais-Pagination__itemLink"
      href="#"
      onClick={[Function]}>
      4
    </a>
  </li>
  <li
    className="ais-Pagination__item ais-Pagination__itemPage"
    disabled={undefined}>
    <a
      aria-label={undefined}
      className="ais-Pagination__itemLink"
      href="#"
      onClick={[Function]}>
      5
    </a>
  </li>
  <li
    className="ais-Pagination__item ais-Pagination__itemPage"
    disabled={undefined}>
    <a
      aria-label={undefined}
      className="ais-Pagination__itemLink"
      href="#"
      onClick={[Function]}>
      6
    </a>
  </li>
  <li
    className="ais-Pagination__item ais-Pagination__itemPage"
    disabled={undefined}>
    <a
      aria-label={undefined}
      className="ais-Pagination__itemLink"
      href="#"
      onClick={[Function]}>
      7
    </a>
  </li>
  <li
    className="ais-Pagination__item ais-Pagination__itemNext"
    disabled={false}>
    <a
      aria-label={undefined}
      className="ais-Pagination__itemLink"
      href="#"
      onClick={[Function]}>
       › 
    </a>
  </li>
  <li
    className="ais-Pagination__item ais-Pagination__itemLast"
    disabled={false}>
    <a
      aria-label={undefined}
      className="ais-Pagination__itemLink"
      href="#"
      onClick={[Function]}>
       » 
    </a>
  </li>
</ul>
`;

exports[`Storyshots Pagination Last selected page 1`] = `
<div>
  <div
    style={
      Object {
        "position": "relative",
        "zIndex": 0,
      }
    }>
    <ul
      className="ais-Pagination__root ais-Pagination__noRefinement">
      <li
        className="ais-Pagination__item ais-Pagination__itemFirst"
        disabled={false}>
        <a
          aria-label={undefined}
          className="ais-Pagination__itemLink"
          href="#"
          onClick={[Function]}>
           « 
        </a>
      </li>
      <li
        className="ais-Pagination__item ais-Pagination__itemPrevious"
        disabled={false}>
        <a
          aria-label={undefined}
          className="ais-Pagination__itemLink"
          href="#"
          onClick={[Function]}>
           ‹ 
        </a>
      </li>
      <li
        className="ais-Pagination__item ais-Pagination__itemPage"
        disabled={undefined}>
        <a
          aria-label={undefined}
          className="ais-Pagination__itemLink"
          href="#"
          onClick={[Function]}>
          4
        </a>
      </li>
      <li
        className="ais-Pagination__item ais-Pagination__itemPage"
        disabled={undefined}>
        <a
          aria-label={undefined}
          className="ais-Pagination__itemLink"
          href="#"
          onClick={[Function]}>
          5
        </a>
      </li>
      <li
        className="ais-Pagination__item ais-Pagination__itemPage"
        disabled={undefined}>
        <a
          aria-label={undefined}
          className="ais-Pagination__itemLink"
          href="#"
          onClick={[Function]}>
          6
        </a>
      </li>
      <li
        className="ais-Pagination__item ais-Pagination__itemPage"
        disabled={undefined}>
        <a
          aria-label={undefined}
          className="ais-Pagination__itemLink"
          href="#"
          onClick={[Function]}>
          7
        </a>
      </li>
      <li
        className="ais-Pagination__item ais-Pagination__itemPage"
        disabled={undefined}>
        <a
          aria-label={undefined}
          className="ais-Pagination__itemLink"
          href="#"
          onClick={[Function]}>
          8
        </a>
      </li>
      <li
        className="ais-Pagination__item ais-Pagination__itemPage"
        disabled={undefined}>
        <a
          aria-label={undefined}
          className="ais-Pagination__itemLink"
          href="#"
          onClick={[Function]}>
          9
        </a>
      </li>
      <li
        className="ais-Pagination__item ais-Pagination__itemSelected ais-Pagination__itemPage"
        disabled={undefined}>
        <a
          aria-label={undefined}
          className="ais-Pagination__itemLink"
          href="#"
          onClick={[Function]}>
          10
        </a>
      </li>
      <li
        className="ais-Pagination__item ais-Pagination__itemDisabled ais-Pagination__itemNext"
        disabled={true}>
        <span
          className="ais-Pagination__itemLink ais-Pagination__itemLinkDisabled">
           › 
        </span>
      </li>
      <li
        className="ais-Pagination__item ais-Pagination__itemDisabled ais-Pagination__itemLast"
        disabled={true}>
        <span
          className="ais-Pagination__itemLink ais-Pagination__itemLinkDisabled">
           » 
        </span>
      </li>
    </ul>
  </div>
  <a
    onClick={[Function]}
    style={
      Object {
        "background": "#28c",
        "borderRadius": "0 0 0 5px",
        "color": "#fff",
        "cursor": "pointer",
        "display": "block",
        "fontFamily": "sans-serif",
        "fontSize": 12,
        "padding": "5px 15px",
        "position": "fixed",
        "right": 0,
        "textDecoration": "none",
        "top": 0,
      }
    }>
    ?
  </a>
  <div
    style={
      Object {
        "background": "white",
        "bottom": 0,
        "display": "none",
        "left": 0,
        "overflow": "auto",
        "padding": "0 40px",
        "position": "absolute",
        "right": 0,
        "top": 0,
      }
    }>
    <a
      onClick={[Function]}
      style={
        Object {
          "background": "#28c",
          "borderRadius": "0 0 0 5px",
          "color": "#fff",
          "cursor": "pointer",
          "display": "block",
          "fontFamily": "sans-serif",
          "fontSize": 12,
          "padding": "5px 15px",
          "position": "fixed",
          "right": 0,
          "textDecoration": "none",
          "top": 0,
        }
      }>
      ×
    </a>
    <div
      style={undefined}>
      <div
        style={
          Object {
            "WebkitFontSmoothing": "antialiased",
            "color": "#444",
            "fontFamily": "
              -apple-system, \".SFNSText-Regular\", \"San Francisco\", \"Roboto\",
              \"Segoe UI\", \"Helvetica Neue\", \"Lucida Grande\", sans-serif
            ",
            "fontSize": 15,
            "fontWeight": 300,
            "lineHeight": 1.45,
          }
        }>
        <div
          style={
            Object {
              "borderBottom": "1px solid #eee",
              "marginBottom": 10,
            }
          }>
          <h1
            style={
              Object {
                "fontSize": 35,
                "margin": "20px 0 0 0",
                "padding": 0,
              }
            }>
            Pagination
          </h1>
          <h2
            style={
              Object {
                "fontSize": 22,
                "fontWeight": 400,
                "margin": "0 0 10px 0",
                "padding": 0,
              }
            }>
            Last selected page
          </h2>
        </div>
        <div
          style={
            Object {
              "marginBottom": 0,
            }
          }>
          <p
            style={
              Object {
                "WebkitFontSmoothing": "antialiased",
                "color": "#444",
                "fontFamily": "
                  -apple-system, \".SFNSText-Regular\", \"San Francisco\", \"Roboto\",
                  \"Segoe UI\", \"Helvetica Neue\", \"Lucida Grande\", sans-serif
                ",
                "fontSize": 15,
              }
            }>
            description
          </p>
        </div>
        <div>
          <h1
            style={
              Object {
                "borderBottom": "1px solid #EEE",
                "fontSize": 25,
                "margin": "20px 0 0 0",
                "padding": "0 0 5px 0",
              }
            }>
            Story Source
          </h1>
          <pre
            style={
              Object {
                "backgroundColor": "#fafafa",
                "fontFamily": "Menlo, Monaco, \"Courier New\", monospace",
                "fontSize": ".88em",
                "lineHeight": 1.5,
                "overflowX": "scroll",
                "padding": ".5rem",
              }
            }>
            <div
              style={
                Object {
                  "paddingLeft": 18,
                  "paddingRight": 3,
                }
              }>
              <span
                style={
                  Object {
                    "color": "#777",
                  }
                }>
                <
                Pagination
              </span>
              <span>
                <span>
                   
                  <span
                    style={Object {}}>
                    nbPages
                  </span>
                  <span>
                    =
                    <span
                      style={Object {}}>
                      <span>
                        {
                        <span
                          style={
                            Object {
                              "color": "#a11",
                            }
                          }>
                          10
                        </span>
                        }
                      </span>
                    </span>
                  </span>
                </span>
                <span>
                   
                  <span
                    style={Object {}}>
                    currentPage
                  </span>
                  <span>
                    =
                    <span
                      style={Object {}}>
                      <span>
                        {
                        <span
                          style={
                            Object {
                              "color": "#a11",
                            }
                          }>
                          10
                        </span>
                        }
                      </span>
                    </span>
                  </span>
                </span>
                <span>
                   
                  <span
                    style={Object {}}>
                    onClick
                  </span>
                  <span>
                    =
                    <span
                      style={Object {}}>
                      <span>
                        {
                        <span
                          style={
                            Object {
                              "color": "#170",
                            }
                          }>
                          anonymous()
                        </span>
                        }
                      </span>
                    </span>
                  </span>
                   
                </span>
              </span>
              <span
                style={
                  Object {
                    "color": "#777",
                  }
                }>
                />
              </span>
            </div>
          </pre>
        </div>
        <div>
          <h1
            style={
              Object {
                "borderBottom": "1px solid #EEE",
                "fontSize": 25,
                "margin": "20px 0 0 0",
                "padding": "0 0 5px 0",
              }
            }>
            Prop Types
          </h1>
          <div>
            <h2
              style={
                Object {
                  "margin": "20px 0 0 0",
                }
              }>
              \"
              Pagination
              \" Component
            </h2>
            <table
              style={
                Object {
                  "borderCollapse": "separate",
                  "borderSpacing": "10px 5px",
                  "marginLeft": -10,
                }
              }>
              <thead>
                <tr>
                  <th>
                    property
                  </th>
                  <th>
                    propType
                  </th>
                  <th>
                    required
                  </th>
                  <th>
                    default
                  </th>
                </tr>
              </thead>
              <tbody>
                <tr>
                  <td>
                    showPrevious
                  </td>
                  <td>
                    bool
                  </td>
                  <td>
                    no
                  </td>
                  <td>
                    <span>
                      {
                      <span
                        style={
                          Object {
                            "color": "#a11",
                          }
                        }>
                        true
                      </span>
                      }
                    </span>
                  </td>
                </tr>
                <tr>
                  <td>
                    canonClick
                  </td>
                  <td />
                  <td />
                  <td>
                    <span>
                      {
                      <span
                        style={
                          Object {
                            "color": "#a11",
                          }
                        }>
                        true
                      </span>
                      }
                    </span>
                  </td>
                </tr>
                <tr>
                  <td>
                    canRefine
                  </td>
                  <td>
                    bool
                  </td>
                  <td>
                    no
                  </td>
                  <td>
                    -
                  </td>
                </tr>
                <tr>
                  <td>
                    currentPage
                  </td>
                  <td>
                    number
                  </td>
                  <td>
                    yes
                  </td>
                  <td>
                    -
                  </td>
                </tr>
                <tr>
                  <td>
                    listComponent
                  </td>
                  <td>
                    func
                  </td>
                  <td>
                    no
                  </td>
                  <td>
                    <span>
                      {
                      <span
                        style={
                          Object {
                            "color": "#170",
                          }
                        }>
                        LinkList()
                      </span>
                      }
                    </span>
                  </td>
                </tr>
                <tr>
                  <td>
                    maxPages
                  </td>
                  <td>
                    number
                  </td>
                  <td>
                    no
                  </td>
                  <td>
                    <span>
                      {
                      <span
                        style={
                          Object {
                            "color": "#a11",
                          }
                        }>
                        Infinity
                      </span>
                      }
                    </span>
                  </td>
                </tr>
                <tr>
                  <td>
                    nbPages
                  </td>
                  <td>
                    number
                  </td>
                  <td>
                    yes
                  </td>
                  <td>
                    -
                  </td>
                </tr>
                <tr>
                  <td>
                    onClick
                  </td>
                  <td>
                    func
                  </td>
                  <td>
                    yes
                  </td>
                  <td>
                    -
                  </td>
                </tr>
                <tr>
                  <td>
                    pagesPadding
                  </td>
                  <td>
                    number
                  </td>
                  <td>
                    no
                  </td>
                  <td>
                    <span>
                      {
                      <span
                        style={
                          Object {
                            "color": "#a11",
                          }
                        }>
                        3
                      </span>
                      }
                    </span>
                  </td>
                </tr>
                <tr>
                  <td>
                    showFirst
                  </td>
                  <td>
                    bool
                  </td>
                  <td>
                    no
                  </td>
                  <td>
                    <span>
                      {
                      <span
                        style={
                          Object {
                            "color": "#a11",
                          }
                        }>
                        true
                      </span>
                      }
                    </span>
                  </td>
                </tr>
                <tr>
                  <td>
                    showLast
                  </td>
                  <td>
                    bool
                  </td>
                  <td>
                    no
                  </td>
                  <td>
                    <span>
                      {
                      <span
                        style={
                          Object {
                            "color": "#a11",
                          }
                        }>
                        true
                      </span>
                      }
                    </span>
                  </td>
                </tr>
                <tr>
                  <td>
                    showNext
                  </td>
                  <td>
                    bool
                  </td>
                  <td>
                    no
                  </td>
                  <td>
                    <span>
                      {
                      <span
                        style={
                          Object {
                            "color": "#a11",
                          }
                        }>
                        true
                      </span>
                      }
                    </span>
                  </td>
                </tr>
              </tbody>
            </table>
          </div>
        </div>
      </div>
    </div>
  </div>
</div>
`;
